<document>
  <result>Should stay</result>
</document>
